###############################################################################
#
# IAR ELF Linker V8.50.4.261/W32 for ARM                  21/Jul/2022  17:01:03
# Copyright 2007-2020 IAR Systems AB.
#
#    Output file  =  D:\Praktikant\Workspace\Finn\EWARM\Finn\Exe\Finn.out
#    Map file     =  D:\Praktikant\Workspace\Finn\EWARM\Finn\List\Finn.map
#    Command line =
#        -f C:\Users\PRAKTI~1\AppData\Local\Temp\EWDF34.tmp
#        (D:\Praktikant\Workspace\Finn\EWARM\Finn\Obj\main.o
#        D:\Praktikant\Workspace\Finn\EWARM\Finn\Obj\startup_stm32f072xb.o
#        D:\Praktikant\Workspace\Finn\EWARM\Finn\Obj\stm32f0xx_hal.o
#        D:\Praktikant\Workspace\Finn\EWARM\Finn\Obj\stm32f0xx_hal_cortex.o
#        D:\Praktikant\Workspace\Finn\EWARM\Finn\Obj\stm32f0xx_hal_dma.o
#        D:\Praktikant\Workspace\Finn\EWARM\Finn\Obj\stm32f0xx_hal_exti.o
#        D:\Praktikant\Workspace\Finn\EWARM\Finn\Obj\stm32f0xx_hal_flash.o
#        D:\Praktikant\Workspace\Finn\EWARM\Finn\Obj\stm32f0xx_hal_flash_ex.o
#        D:\Praktikant\Workspace\Finn\EWARM\Finn\Obj\stm32f0xx_hal_gpio.o
#        D:\Praktikant\Workspace\Finn\EWARM\Finn\Obj\stm32f0xx_hal_i2c.o
#        D:\Praktikant\Workspace\Finn\EWARM\Finn\Obj\stm32f0xx_hal_i2c_ex.o
#        D:\Praktikant\Workspace\Finn\EWARM\Finn\Obj\stm32f0xx_hal_msp.o
#        D:\Praktikant\Workspace\Finn\EWARM\Finn\Obj\stm32f0xx_hal_pwr.o
#        D:\Praktikant\Workspace\Finn\EWARM\Finn\Obj\stm32f0xx_hal_pwr_ex.o
#        D:\Praktikant\Workspace\Finn\EWARM\Finn\Obj\stm32f0xx_hal_rcc.o
#        D:\Praktikant\Workspace\Finn\EWARM\Finn\Obj\stm32f0xx_hal_rcc_ex.o
#        D:\Praktikant\Workspace\Finn\EWARM\Finn\Obj\stm32f0xx_hal_spi.o
#        D:\Praktikant\Workspace\Finn\EWARM\Finn\Obj\stm32f0xx_hal_spi_ex.o
#        D:\Praktikant\Workspace\Finn\EWARM\Finn\Obj\stm32f0xx_hal_tim.o
#        D:\Praktikant\Workspace\Finn\EWARM\Finn\Obj\stm32f0xx_hal_tim_ex.o
#        D:\Praktikant\Workspace\Finn\EWARM\Finn\Obj\stm32f0xx_it.o
#        D:\Praktikant\Workspace\Finn\EWARM\Finn\Obj\system_stm32f0xx.o
#        --no_out_extension -o
#        D:\Praktikant\Workspace\Finn\EWARM\Finn\Exe\Finn.out --redirect
#        _Printf=_PrintfFullNoMb --redirect _Scanf=_ScanfFullNoMb --map
#        D:\Praktikant\Workspace\Finn\EWARM\Finn\List\Finn.map --config
#        D:\Praktikant\Workspace\Finn\EWARM/stm32f072xb_flash.icf --semihosting
#        --entry __iar_program_start --vfe --text_out locale)
#
###############################################################################

*******************************************************************************
*** RUNTIME MODEL ATTRIBUTES
***

CppFlavor       = *
__SystemLibrary = DLib
__dlib_version  = 6


*******************************************************************************
*** HEAP SELECTION
***

The basic heap was selected because no calls to memory allocation
functions were found in the application outside of system library
functions, and there are calls to deallocation functions in the
application.


*******************************************************************************
*** PLACEMENT SUMMARY
***

"A0":  place at address 0x800'0000 { ro section .intvec };
"P1":  place in [from 0x800'0000 to 0x801'ffff] { ro };
define block CSTACK with size = 1K, alignment = 8 { };
define block HEAP with size = 512, alignment = 8 { };
"P2":  place in [from 0x2000'0000 to 0x2000'3fff] {
          rw, block CSTACK, block HEAP };
initialize by copy { rw };

  Section            Kind         Address    Size  Object
  -------            ----         -------    ----  ------
"A0":                                        0xc0
  .intvec            ro code   0x800'0000    0xc0  startup_stm32f072xb.o [1]
                             - 0x800'00c0    0xc0

"P1":                                      0x16b6
  .text              ro code   0x800'00c0   0x788  stm32f0xx_hal_rcc.o [1]
  .text              ro code   0x800'0848     0xc  stm32f0xx_hal.o [1]
  .text              ro code   0x800'0854    0x50  stm32f0xx_hal.o [1]
  .text              ro code   0x800'08a4    0x34  ABImemcpy.o [3]
  .text              ro code   0x800'08d8    0xae  I32DivModFast.o [3]
  .text              ro code   0x800'0986     0x2  startup_stm32f072xb.o [1]
  .text              ro code   0x800'0988    0xf4  stm32f0xx_hal_cortex.o [1]
  .text              ro code   0x800'0a7c     0x2  IntDivZer.o [3]
  .text              ro code   0x800'0a7e     0x2  startup_stm32f072xb.o [1]
  .text              ro code   0x800'0a80   0x666  main.o [1]
  .text              ro code   0x800'10e6     0x2  startup_stm32f072xb.o [1]
  .text              ro code   0x800'10e8   0x254  stm32f0xx_hal_gpio.o [1]
  .text              ro code   0x800'133c    0x20  stm32f0xx_hal.o [1]
  .text              ro code   0x800'135c    0x2c  stm32f0xx_hal.o [1]
  .text              ro code   0x800'1388    0x14  memset.o [3]
  .text              ro code   0x800'139c   0x114  stm32f0xx_hal_spi.o [1]
  .text              ro code   0x800'14b0    0xa0  stm32f0xx_hal_msp.o [1]
  .text              ro code   0x800'1550    0x4e  ABImemset.o [3]
  .text              ro code   0x800'159e    0x3c  zero_init3.o [3]
  .text              ro code   0x800'15da    0x30  copy_init3.o [3]
  .text              ro code   0x800'160a     0x2  startup_stm32f072xb.o [1]
  .text              ro code   0x800'160c    0x2c  stm32f0xx_it.o [1]
  .text              ro code   0x800'1638    0x18  stm32f0xx_hal.o [1]
  .text              ro code   0x800'1650    0x28  data_init.o [3]
  .iar.init_table    const     0x800'1678    0x24  - Linker created -
  .text              ro code   0x800'169c    0x1e  cmain.o [3]
  .text              ro code   0x800'16ba     0x4  low_level_init.o [2]
  .text              ro code   0x800'16be     0x8  exit.o [2]
  .text              ro code   0x800'16c6     0x2  startup_stm32f072xb.o [1]
  .text              ro code   0x800'16c8     0xa  cexit.o [3]
  .text              ro code   0x800'16d2     0x2  startup_stm32f072xb.o [1]
  .text              ro code   0x800'16d4    0x14  exit.o [4]
  .rodata            const     0x800'16e8    0x10  stm32f0xx_hal_rcc.o [1]
  .rodata            const     0x800'16f8    0x10  stm32f0xx_hal_rcc.o [1]
  .rodata            const     0x800'1708    0x10  system_stm32f0xx.o [1]
  .text              ro code   0x800'1718    0x10  startup_stm32f072xb.o [1]
  .text              ro code   0x800'1728     0xc  cstartup_M.o [3]
  Initializer bytes  const     0x800'1734     0xc  <for P2-1>
  .text              ro code   0x800'1740     0x2  startup_stm32f072xb.o [1]
  .text              ro code   0x800'1742     0x2  startup_stm32f072xb.o [1]
  .text              ro code   0x800'1744     0x2  startup_stm32f072xb.o [1]
  .text              ro code   0x800'1746     0x2  startup_stm32f072xb.o [1]
  .text              ro code   0x800'1748     0x2  startup_stm32f072xb.o [1]
  .text              ro code   0x800'174a     0x2  startup_stm32f072xb.o [1]
  .text              ro code   0x800'174c     0x2  startup_stm32f072xb.o [1]
  .text              ro code   0x800'174e     0x2  startup_stm32f072xb.o [1]
  .text              ro code   0x800'1750     0x2  startup_stm32f072xb.o [1]
  .text              ro code   0x800'1752     0x2  startup_stm32f072xb.o [1]
  .text              ro code   0x800'1754     0x2  startup_stm32f072xb.o [1]
  .text              ro code   0x800'1756     0x2  startup_stm32f072xb.o [1]
  .text              ro code   0x800'1758     0x2  startup_stm32f072xb.o [1]
  .text              ro code   0x800'175a     0x2  startup_stm32f072xb.o [1]
  .text              ro code   0x800'175c     0x2  startup_stm32f072xb.o [1]
  .text              ro code   0x800'175e     0x2  startup_stm32f072xb.o [1]
  .text              ro code   0x800'1760     0x2  startup_stm32f072xb.o [1]
  .text              ro code   0x800'1762     0x2  startup_stm32f072xb.o [1]
  .text              ro code   0x800'1764     0x2  startup_stm32f072xb.o [1]
  .text              ro code   0x800'1766     0x2  startup_stm32f072xb.o [1]
  .text              ro code   0x800'1768     0x2  startup_stm32f072xb.o [1]
  .text              ro code   0x800'176a     0x2  startup_stm32f072xb.o [1]
  .text              ro code   0x800'176c     0x2  startup_stm32f072xb.o [1]
  .text              ro code   0x800'176e     0x2  startup_stm32f072xb.o [1]
  .text              ro code   0x800'1770     0x2  startup_stm32f072xb.o [1]
  .text              ro code   0x800'1772     0x2  startup_stm32f072xb.o [1]
  .text              ro code   0x800'1774     0x2  system_stm32f0xx.o [1]
  .rodata            const     0x800'1776     0x0  zero_init3.o [3]
  .rodata            const     0x800'1776     0x0  copy_init3.o [3]
                             - 0x800'1776  0x16b6

"P2", part 1 of 3:                            0xc
  P2-1                        0x2000'0000     0x9  <Init block>
    .data            inited   0x2000'0000     0x4  stm32f0xx_hal.o [1]
    .data            inited   0x2000'0004     0x4  system_stm32f0xx.o [1]
    .data            inited   0x2000'0008     0x1  stm32f0xx_hal.o [1]
                            - 0x2000'0009     0x9

"P2", part 2 of 3:                          0x11c
  .bss               zero     0x2000'000c    0xa0  main.o [1]
  .bss               zero     0x2000'00ac    0x64  main.o [1]
  .bss               zero     0x2000'0110     0xc  main.o [1]
  .bss               zero     0x2000'011c     0x4  main.o [1]
  .bss               zero     0x2000'0120     0x4  main.o [1]
  .bss               zero     0x2000'0124     0x4  stm32f0xx_hal.o [1]
                            - 0x2000'0128   0x11c

"P2", part 3 of 3:                          0x400
  CSTACK                      0x2000'0128   0x400  <Block>
    CSTACK           uninit   0x2000'0128   0x400  <Block tail>
                            - 0x2000'0528   0x400

Unused ranges:

         From           To      Size
         ----           --      ----
   0x800'1776   0x801'ffff  0x1'e88a
  0x2000'0528  0x2000'3fff    0x3ad8


*******************************************************************************
*** INIT TABLE
***

          Address      Size
          -------      ----
Zero (__iar_zero_init3)
    1 destination range, total size 0x11c:
          0x2000'000c  0x11c

Copy (__iar_copy_init3)
    1 source range, total size 0xc (133% of destination):
           0x800'1734    0xc
    1 destination range, total size 0x9:
          0x2000'0000    0x9



*******************************************************************************
*** MODULE SUMMARY
***

    Module                  ro code  ro data  rw data
    ------                  -------  -------  -------
command line/config:
    -------------------------------------------------
    Total:

D:\Praktikant\Workspace\Finn\EWARM\Finn\Obj: [1]
    main.o                    1'638               280
    startup_stm32f072xb.o       272
    stm32f0xx_hal.o             192        5        9
    stm32f0xx_hal_cortex.o      244
    stm32f0xx_hal_gpio.o        596
    stm32f0xx_hal_msp.o         160
    stm32f0xx_hal_rcc.o       1'928       32
    stm32f0xx_hal_spi.o         276
    stm32f0xx_it.o               44
    system_stm32f0xx.o            2       20        4
    -------------------------------------------------
    Total:                    5'352       57      293

dl6M_tln.a: [2]
    exit.o                        8
    low_level_init.o              4
    -------------------------------------------------
    Total:                       12

rt6M_tl.a: [3]
    ABImemcpy.o                  52
    ABImemset.o                  78
    I32DivModFast.o             174
    IntDivZer.o                   2
    cexit.o                      10
    cmain.o                      30
    copy_init3.o                 48
    cstartup_M.o                 12
    data_init.o                  40
    memset.o                     20
    zero_init3.o                 60
    -------------------------------------------------
    Total:                      526

shb_l.a: [4]
    exit.o                       20
    -------------------------------------------------
    Total:                       20

    Linker created                        39    1'024
-----------------------------------------------------
    Grand Total:              5'910       96    1'317


*******************************************************************************
*** ENTRY LIST
***

Entry                       Address   Size  Type      Object
-----                       -------   ----  ----      ------
.iar.init_table$$Base    0x800'1678          --   Gb  - Linker created -
.iar.init_table$$Limit   0x800'169c          --   Gb  - Linker created -
?main                    0x800'169d         Code  Gb  cmain.o [3]
AHBPrescTable            0x800'1708   0x10  Data  Gb  system_stm32f0xx.o [1]
CSTACK$$Base            0x2000'0128          --   Gb  - Linker created -
CSTACK$$Limit           0x2000'0528          --   Gb  - Linker created -
Error_Handler            0x800'10e1    0x6  Code  Gb  main.o [1]
HAL_Delay                0x800'135d   0x2c  Code  Wk  stm32f0xx_hal.o [1]
HAL_GPIO_Init            0x800'10e9  0x1f6  Code  Gb  stm32f0xx_hal_gpio.o [1]
HAL_GPIO_ReadPin         0x800'12df   0x1a  Code  Gb  stm32f0xx_hal_gpio.o [1]
HAL_GPIO_WritePin        0x800'12f9   0x1a  Code  Gb  stm32f0xx_hal_gpio.o [1]
HAL_GetTick              0x800'0849    0xc  Code  Wk  stm32f0xx_hal.o [1]
HAL_IncTick              0x800'1639   0x18  Code  Wk  stm32f0xx_hal.o [1]
HAL_Init                 0x800'133d   0x1a  Code  Gb  stm32f0xx_hal.o [1]
HAL_InitTick             0x800'0855   0x50  Code  Wk  stm32f0xx_hal.o [1]
HAL_MspInit              0x800'14b1   0x2c  Code  Gb  stm32f0xx_hal_msp.o [1]
HAL_NVIC_SetPriority     0x800'0a47   0x14  Code  Gb  stm32f0xx_hal_cortex.o [1]
HAL_RCC_ClockConfig      0x800'0621  0x13a  Code  Gb  stm32f0xx_hal_rcc.o [1]
HAL_RCC_GetSysClockFreq
                         0x800'0775   0xa2  Code  Gb  stm32f0xx_hal_rcc.o [1]
HAL_RCC_OscConfig        0x800'00c1  0x550  Code  Gb  stm32f0xx_hal_rcc.o [1]
HAL_SPI_Init             0x800'139d  0x10c  Code  Gb  stm32f0xx_hal_spi.o [1]
HAL_SPI_MspInit          0x800'14dd   0x60  Code  Gb  stm32f0xx_hal_msp.o [1]
HAL_SYSTICK_Config       0x800'0a5b    0xc  Code  Gb  stm32f0xx_hal_cortex.o [1]
HardFault_Handler        0x800'1611    0x4  Code  Gb  stm32f0xx_it.o [1]
MX_GPIO_Init             0x800'0fc5   0xf6  Code  Lc  main.o [1]
MX_SPI2_Init             0x800'0f73   0x42  Code  Lc  main.o [1]
Motors                  0x2000'000c   0xa0  Data  Gb  main.o [1]
NMI_Handler              0x800'160d    0x4  Code  Gb  stm32f0xx_it.o [1]
PendSV_Handler           0x800'1617    0x2  Code  Gb  stm32f0xx_it.o [1]
Region$$Table$$Base      0x800'1678          --   Gb  - Linker created -
Region$$Table$$Limit     0x800'169c          --   Gb  - Linker created -
SVC_Handler              0x800'1615    0x2  Code  Gb  stm32f0xx_it.o [1]
SysTick_Config           0x800'0a15   0x32  Code  Lc  stm32f0xx_hal_cortex.o [1]
SysTick_Handler          0x800'1619   0x18  Code  Gb  stm32f0xx_it.o [1]
SystemClock_Config       0x800'0f11   0x62  Code  Gb  main.o [1]
SystemCoreClock         0x2000'0004    0x4  Data  Gb  system_stm32f0xx.o [1]
SystemInit               0x800'1775    0x2  Code  Gb  system_stm32f0xx.o [1]
__ICFEDIT_region_RAM_end__ {Abs}
                        0x2000'3fff         Data  Gb  <internal module>
__ICFEDIT_region_RAM_start__ {Abs}
                        0x2000'0000         Data  Gb  <internal module>
__NVIC_SetPriority       0x800'0989   0x8c  Code  Lc  stm32f0xx_hal_cortex.o [1]
__aeabi_idiv0            0x800'0a7d         Code  Gb  IntDivZer.o [3]
__aeabi_memcpy4          0x800'08a5         Code  Gb  ABImemcpy.o [3]
__aeabi_memcpy8          0x800'08a5         Code  Gb  ABImemcpy.o [3]
__aeabi_memset           0x800'1551         Code  Gb  ABImemset.o [3]
__aeabi_uidiv            0x800'08d9         Code  Gb  I32DivModFast.o [3]
__aeabi_uidivmod         0x800'08d9         Code  Gb  I32DivModFast.o [3]
__cmain                  0x800'169d         Code  Gb  cmain.o [3]
__exit                   0x800'16d5   0x14  Code  Gb  exit.o [4]
__iar_Memset4_word       0x800'1571         Code  Gb  ABImemset.o [3]
__iar_Memset_word        0x800'155d         Code  Gb  ABImemset.o [3]
__iar_copy_init3         0x800'15db   0x30  Code  Gb  copy_init3.o [3]
__iar_data_init3         0x800'1651   0x28  Code  Gb  data_init.o [3]
__iar_program_start      0x800'1729         Code  Gb  cstartup_M.o [3]
__iar_zero_init3         0x800'159f   0x3c  Code  Gb  zero_init3.o [3]
__low_level_init         0x800'16bb    0x4  Code  Gb  low_level_init.o [2]
__vector_table           0x800'0000         Data  Gb  startup_stm32f072xb.o [1]
_call_main               0x800'16a9         Code  Gb  cmain.o [3]
_exit                    0x800'16c9         Code  Gb  cexit.o [3]
_main                    0x800'16b7         Code  Gb  cmain.o [3]
checkPosition            0x800'0c6b   0x52  Code  Gb  main.o [1]
exit                     0x800'16bf    0x8  Code  Gb  exit.o [2]
hspi2                   0x2000'00ac   0x64  Data  Gb  main.o [1]
initStep                 0x800'0a81   0x1a  Code  Gb  main.o [1]
main                     0x800'0cc1  0x250  Code  Gb  main.o [1]
memset                   0x800'1389   0x14  Code  Gb  memset.o [3]
milliseconds            0x2000'011c    0x4  Data  Gb  main.o [1]
step                     0x800'0a9b  0x1d0  Code  Gb  main.o [1]
stepFlag                0x2000'0120    0x4  Data  Gb  main.o [1]
tm                      0x2000'0110    0xc  Data  Gb  main.o [1]
uwTick                  0x2000'0124    0x4  Data  Gb  stm32f0xx_hal.o [1]
uwTickFreq              0x2000'0008    0x1  Data  Gb  stm32f0xx_hal.o [1]
uwTickPrio              0x2000'0000    0x4  Data  Gb  stm32f0xx_hal.o [1]


[1] = D:\Praktikant\Workspace\Finn\EWARM\Finn\Obj
[2] = dl6M_tln.a
[3] = rt6M_tl.a
[4] = shb_l.a

  5'910 bytes of readonly  code memory
     96 bytes of readonly  data memory
  1'317 bytes of readwrite data memory

Errors: none
Warnings: none
