###############################################################################
#
# IAR ELF Linker V8.50.4.261/W32 for ARM                  20/Jul/2022  12:24:10
# Copyright 2007-2020 IAR Systems AB.
#
#    Output file  =  D:\Praktikant\Workspace\Finn\EWARM\Finn\Exe\Finn.out
#    Map file     =  D:\Praktikant\Workspace\Finn\EWARM\Finn\List\Finn.map
#    Command line =
#        -f C:\Users\PRAKTI~1\AppData\Local\Temp\EW3D3.tmp
#        (D:\Praktikant\Workspace\Finn\EWARM\Finn\Obj\main.o
#        D:\Praktikant\Workspace\Finn\EWARM\Finn\Obj\startup_stm32f072xb.o
#        D:\Praktikant\Workspace\Finn\EWARM\Finn\Obj\stm32f0xx_hal.o
#        D:\Praktikant\Workspace\Finn\EWARM\Finn\Obj\stm32f0xx_hal_cortex.o
#        D:\Praktikant\Workspace\Finn\EWARM\Finn\Obj\stm32f0xx_hal_dma.o
#        D:\Praktikant\Workspace\Finn\EWARM\Finn\Obj\stm32f0xx_hal_exti.o
#        D:\Praktikant\Workspace\Finn\EWARM\Finn\Obj\stm32f0xx_hal_flash.o
#        D:\Praktikant\Workspace\Finn\EWARM\Finn\Obj\stm32f0xx_hal_flash_ex.o
#        D:\Praktikant\Workspace\Finn\EWARM\Finn\Obj\stm32f0xx_hal_gpio.o
#        D:\Praktikant\Workspace\Finn\EWARM\Finn\Obj\stm32f0xx_hal_i2c.o
#        D:\Praktikant\Workspace\Finn\EWARM\Finn\Obj\stm32f0xx_hal_i2c_ex.o
#        D:\Praktikant\Workspace\Finn\EWARM\Finn\Obj\stm32f0xx_hal_msp.o
#        D:\Praktikant\Workspace\Finn\EWARM\Finn\Obj\stm32f0xx_hal_pwr.o
#        D:\Praktikant\Workspace\Finn\EWARM\Finn\Obj\stm32f0xx_hal_pwr_ex.o
#        D:\Praktikant\Workspace\Finn\EWARM\Finn\Obj\stm32f0xx_hal_rcc.o
#        D:\Praktikant\Workspace\Finn\EWARM\Finn\Obj\stm32f0xx_hal_rcc_ex.o
#        D:\Praktikant\Workspace\Finn\EWARM\Finn\Obj\stm32f0xx_hal_spi.o
#        D:\Praktikant\Workspace\Finn\EWARM\Finn\Obj\stm32f0xx_hal_spi_ex.o
#        D:\Praktikant\Workspace\Finn\EWARM\Finn\Obj\stm32f0xx_hal_tim.o
#        D:\Praktikant\Workspace\Finn\EWARM\Finn\Obj\stm32f0xx_hal_tim_ex.o
#        D:\Praktikant\Workspace\Finn\EWARM\Finn\Obj\stm32f0xx_it.o
#        D:\Praktikant\Workspace\Finn\EWARM\Finn\Obj\system_stm32f0xx.o
#        --no_out_extension -o
#        D:\Praktikant\Workspace\Finn\EWARM\Finn\Exe\Finn.out --redirect
#        _Printf=_PrintfFullNoMb --redirect _Scanf=_ScanfFullNoMb --map
#        D:\Praktikant\Workspace\Finn\EWARM\Finn\List\Finn.map --config
#        D:\Praktikant\Workspace\Finn\EWARM/stm32f072xb_flash.icf --semihosting
#        --entry __iar_program_start --vfe --text_out locale)
#
###############################################################################

*******************************************************************************
*** RUNTIME MODEL ATTRIBUTES
***

CppFlavor       = *
__SystemLibrary = DLib
__dlib_version  = 6


*******************************************************************************
*** HEAP SELECTION
***

The basic heap was selected because no calls to memory allocation
functions were found in the application outside of system library
functions, and there are calls to deallocation functions in the
application.


*******************************************************************************
*** PLACEMENT SUMMARY
***

"A0":  place at address 0x800'0000 { ro section .intvec };
"P1":  place in [from 0x800'0000 to 0x801'ffff] { ro };
define block CSTACK with size = 1K, alignment = 8 { };
define block HEAP with size = 512, alignment = 8 { };
"P2":  place in [from 0x2000'0000 to 0x2000'3fff] {
          rw, block CSTACK, block HEAP };
initialize by copy { rw };

  Section            Kind         Address   Size  Object
  -------            ----         -------   ----  ------
"A0":                                       0xc0
  .intvec            ro code   0x800'0000   0xc0  startup_stm32f072xb.o [1]
                             - 0x800'00c0   0xc0

"P1":                                      0xffc
  .text              ro code   0x800'00c0  0x5d0  stm32f0xx_hal_rcc.o [1]
  .text              ro code   0x800'0690    0xc  stm32f0xx_hal.o [1]
  .text              ro code   0x800'069c   0x44  stm32f0xx_hal.o [1]
  .text              ro code   0x800'06e0   0x36  I32DivMod.o [3]
  .text              ro code   0x800'0716    0x2  startup_stm32f072xb.o [1]
  .text              ro code   0x800'0718   0x78  stm32f0xx_hal_cortex.o [1]
  .text              ro code   0x800'0790    0x2  IntDivZer.o [3]
  .text              ro code   0x800'0792    0x2  startup_stm32f072xb.o [1]
  .text              ro code   0x800'0794  0x376  main.o [1]
  .text              ro code   0x800'0b0a    0x2  startup_stm32f072xb.o [1]
  .text              ro code   0x800'0b0c  0x1b4  stm32f0xx_hal_gpio.o [1]
  .text              ro code   0x800'0cc0   0x20  stm32f0xx_hal.o [1]
  .text              ro code   0x800'0ce0   0x14  memset.o [3]
  .text              ro code   0x800'0cf4  0x108  stm32f0xx_hal_spi.o [1]
  .text              ro code   0x800'0dfc   0x28  stm32f0xx_hal.o [1]
  .text              ro code   0x800'0e24   0x98  stm32f0xx_hal_msp.o [1]
  .text              ro code   0x800'0ebc   0x4e  ABImemset.o [3]
  .text              ro code   0x800'0f0a   0x3c  zero_init3.o [3]
  .text              ro code   0x800'0f46   0x30  copy_init3.o [3]
  .text              ro code   0x800'0f76    0x2  startup_stm32f072xb.o [1]
  .text              ro code   0x800'0f78   0x28  stm32f0xx_it.o [1]
  .text              ro code   0x800'0fa0   0x10  stm32f0xx_hal.o [1]
  .text              ro code   0x800'0fb0   0x28  data_init.o [3]
  .iar.init_table    const     0x800'0fd8   0x24  - Linker created -
  .text              ro code   0x800'0ffc   0x1e  cmain.o [3]
  .text              ro code   0x800'101a    0x4  low_level_init.o [2]
  .text              ro code   0x800'101e    0x8  exit.o [2]
  .text              ro code   0x800'1026    0x2  startup_stm32f072xb.o [1]
  .text              ro code   0x800'1028    0xa  cexit.o [3]
  .text              ro code   0x800'1032    0x2  startup_stm32f072xb.o [1]
  .text              ro code   0x800'1034   0x14  exit.o [4]
  .text              ro code   0x800'1048   0x14  system_stm32f0xx.o [1]
  .text              ro code   0x800'105c   0x10  startup_stm32f072xb.o [1]
  Initializer bytes  const     0x800'106c   0x10  <for P2-1>
  .text              ro code   0x800'107c    0xc  cstartup_M.o [3]
  .text              ro code   0x800'1088    0x2  startup_stm32f072xb.o [1]
  .text              ro code   0x800'108a    0x2  startup_stm32f072xb.o [1]
  .text              ro code   0x800'108c    0x2  startup_stm32f072xb.o [1]
  .text              ro code   0x800'108e    0x2  startup_stm32f072xb.o [1]
  .text              ro code   0x800'1090    0x2  startup_stm32f072xb.o [1]
  .text              ro code   0x800'1092    0x2  startup_stm32f072xb.o [1]
  .text              ro code   0x800'1094    0x2  startup_stm32f072xb.o [1]
  .text              ro code   0x800'1096    0x2  startup_stm32f072xb.o [1]
  .text              ro code   0x800'1098    0x2  startup_stm32f072xb.o [1]
  .text              ro code   0x800'109a    0x2  startup_stm32f072xb.o [1]
  .text              ro code   0x800'109c    0x2  startup_stm32f072xb.o [1]
  .text              ro code   0x800'109e    0x2  startup_stm32f072xb.o [1]
  .text              ro code   0x800'10a0    0x2  startup_stm32f072xb.o [1]
  .text              ro code   0x800'10a2    0x2  startup_stm32f072xb.o [1]
  .text              ro code   0x800'10a4    0x2  startup_stm32f072xb.o [1]
  .text              ro code   0x800'10a6    0x2  startup_stm32f072xb.o [1]
  .text              ro code   0x800'10a8    0x2  startup_stm32f072xb.o [1]
  .text              ro code   0x800'10aa    0x2  startup_stm32f072xb.o [1]
  .text              ro code   0x800'10ac    0x2  startup_stm32f072xb.o [1]
  .text              ro code   0x800'10ae    0x2  startup_stm32f072xb.o [1]
  .text              ro code   0x800'10b0    0x2  startup_stm32f072xb.o [1]
  .text              ro code   0x800'10b2    0x2  startup_stm32f072xb.o [1]
  .text              ro code   0x800'10b4    0x2  startup_stm32f072xb.o [1]
  .text              ro code   0x800'10b6    0x2  startup_stm32f072xb.o [1]
  .text              ro code   0x800'10b8    0x2  startup_stm32f072xb.o [1]
  .text              ro code   0x800'10ba    0x2  startup_stm32f072xb.o [1]
  .rodata            const     0x800'10bc    0x0  zero_init3.o [3]
  .rodata            const     0x800'10bc    0x0  copy_init3.o [3]
                             - 0x800'10bc  0xffc

"P2", part 1 of 3:                          0x10
  P2-1                        0x2000'0000   0x10  <Init block>
    .data            inited   0x2000'0000    0xc  stm32f0xx_hal.o [1]
    .data            inited   0x2000'000c    0x4  system_stm32f0xx.o [1]
                            - 0x2000'0010   0x10

"P2", part 2 of 3:                          0xe0
  .bss               zero     0x2000'0010   0x7c  main.o [1]
  .bss               zero     0x2000'008c   0x60  main.o [1]
  .bss               zero     0x2000'00ec    0x4  main.o [1]
                            - 0x2000'00f0   0xe0

"P2", part 3 of 3:                         0x400
  CSTACK                      0x2000'00f0  0x400  <Block>
    CSTACK           uninit   0x2000'00f0  0x400  <Block tail>
                            - 0x2000'04f0  0x400

Unused ranges:

         From           To      Size
         ----           --      ----
   0x800'10bc   0x801'ffff  0x1'ef44
  0x2000'04f0  0x2000'3fff    0x3b10


*******************************************************************************
*** INIT TABLE
***

          Address      Size
          -------      ----
Zero (__iar_zero_init3)
    1 destination range, total size 0xe0:
          0x2000'0010  0xe0

Copy (__iar_copy_init3)
    1 source range, total size 0x10:
           0x800'106c  0x10
    1 destination range, total size 0x10:
          0x2000'0000  0x10



*******************************************************************************
*** MODULE SUMMARY
***

    Module                  ro code  ro data  rw data
    ------                  -------  -------  -------
command line/config:
    -------------------------------------------------
    Total:

D:\Praktikant\Workspace\Finn\EWARM\Finn\Obj: [1]
    main.o                      886               224
    startup_stm32f072xb.o       272
    stm32f0xx_hal.o             168       12       12
    stm32f0xx_hal_cortex.o      120
    stm32f0xx_hal_gpio.o        436
    stm32f0xx_hal_msp.o         152
    stm32f0xx_hal_rcc.o       1'488
    stm32f0xx_hal_spi.o         264
    stm32f0xx_it.o               40
    system_stm32f0xx.o           20        4        4
    -------------------------------------------------
    Total:                    3'846       16      240

dl6M_tln.a: [2]
    exit.o                        8
    low_level_init.o              4
    -------------------------------------------------
    Total:                       12

rt6M_tl.a: [3]
    ABImemset.o                  78
    I32DivMod.o                  54
    IntDivZer.o                   2
    cexit.o                      10
    cmain.o                      30
    copy_init3.o                 48
    cstartup_M.o                 12
    data_init.o                  40
    memset.o                     20
    zero_init3.o                 60
    -------------------------------------------------
    Total:                      354

shb_l.a: [4]
    exit.o                       20
    -------------------------------------------------
    Total:                       20

    Linker created                        36    1'024
-----------------------------------------------------
    Grand Total:              4'232       52    1'264


*******************************************************************************
*** ENTRY LIST
***

Entry                       Address   Size  Type      Object
-----                       -------   ----  ----      ------
.iar.init_table$$Base    0x800'0fd8          --   Gb  - Linker created -
.iar.init_table$$Limit   0x800'0ffc          --   Gb  - Linker created -
?main                    0x800'0ffd         Code  Gb  cmain.o [3]
AHBPrescTable            0x800'104c   0x10  Data  Gb  system_stm32f0xx.o [1]
CSTACK$$Base            0x2000'00f0          --   Gb  - Linker created -
CSTACK$$Limit           0x2000'04f0          --   Gb  - Linker created -
Error_Handler            0x800'0b07    0x4  Code  Gb  main.o [1]
HAL_Delay                0x800'0dfd   0x28  Code  Wk  stm32f0xx_hal.o [1]
HAL_GPIO_Init            0x800'0b0d  0x17e  Code  Gb  stm32f0xx_hal_gpio.o [1]
HAL_GPIO_ReadPin         0x800'0c8b    0xc  Code  Gb  stm32f0xx_hal_gpio.o [1]
HAL_GPIO_WritePin        0x800'0c97    0xc  Code  Gb  stm32f0xx_hal_gpio.o [1]
HAL_GetTick              0x800'0691    0xc  Code  Wk  stm32f0xx_hal.o [1]
HAL_IncTick              0x800'0fa1   0x10  Code  Wk  stm32f0xx_hal.o [1]
HAL_Init                 0x800'0cc1   0x1a  Code  Gb  stm32f0xx_hal.o [1]
HAL_InitTick             0x800'069d   0x44  Code  Wk  stm32f0xx_hal.o [1]
HAL_MspInit              0x800'0e25   0x2a  Code  Gb  stm32f0xx_hal_msp.o [1]
HAL_NVIC_SetPriority     0x800'0753    0x8  Code  Gb  stm32f0xx_hal_cortex.o [1]
HAL_RCC_ClockConfig      0x800'04ed  0x106  Code  Gb  stm32f0xx_hal_rcc.o [1]
HAL_RCC_GetSysClockFreq
                         0x800'05f9   0x50  Code  Gb  stm32f0xx_hal_rcc.o [1]
HAL_RCC_GetSysClockFreq::aPLLMULFactorTable
                         0x800'0670   0x10  Data  Lc  stm32f0xx_hal_rcc.o [1]
HAL_RCC_GetSysClockFreq::aPredivFactorTable
                         0x800'0680   0x10  Data  Lc  stm32f0xx_hal_rcc.o [1]
HAL_RCC_OscConfig        0x800'00c1  0x41e  Code  Gb  stm32f0xx_hal_rcc.o [1]
HAL_SPI_Init             0x800'0cf5  0x104  Code  Gb  stm32f0xx_hal_spi.o [1]
HAL_SPI_MspInit          0x800'0e4f   0x5c  Code  Gb  stm32f0xx_hal_msp.o [1]
HAL_SYSTICK_Config       0x800'075b   0x28  Code  Gb  stm32f0xx_hal_cortex.o [1]
HardFault_Handler        0x800'0f7b    0x2  Code  Gb  stm32f0xx_it.o [1]
Motors                  0x2000'008c   0x60  Data  Gb  main.o [1]
NMI_Handler              0x800'0f79    0x2  Code  Gb  stm32f0xx_it.o [1]
PendSV_Handler           0x800'0f7f    0x2  Code  Gb  stm32f0xx_it.o [1]
Region$$Table$$Base      0x800'0fd8          --   Gb  - Linker created -
Region$$Table$$Limit     0x800'0ffc          --   Gb  - Linker created -
SVC_Handler              0x800'0f7d    0x2  Code  Gb  stm32f0xx_it.o [1]
SysTick_Handler          0x800'0f81   0x18  Code  Gb  stm32f0xx_it.o [1]
SystemClock_Config       0x800'0aa9   0x5e  Code  Gb  main.o [1]
SystemCoreClock         0x2000'000c    0x4  Data  Gb  system_stm32f0xx.o [1]
SystemInit               0x800'1049    0x2  Code  Gb  system_stm32f0xx.o [1]
__ICFEDIT_region_RAM_end__ {Abs}
                        0x2000'3fff         Data  Gb  <internal module>
__ICFEDIT_region_RAM_start__ {Abs}
                        0x2000'0000         Data  Gb  <internal module>
__NVIC_SetPriority       0x800'0719   0x3a  Code  Lc  stm32f0xx_hal_cortex.o [1]
__aeabi_idiv0            0x800'0791         Code  Gb  IntDivZer.o [3]
__aeabi_memset           0x800'0ebd         Code  Gb  ABImemset.o [3]
__cmain                  0x800'0ffd         Code  Gb  cmain.o [3]
__exit                   0x800'1035   0x14  Code  Gb  exit.o [4]
__iar_Memset4_word       0x800'0edd         Code  Gb  ABImemset.o [3]
__iar_Memset_word        0x800'0ec9         Code  Gb  ABImemset.o [3]
__iar_copy_init3         0x800'0f47   0x30  Code  Gb  copy_init3.o [3]
__iar_data_init3         0x800'0fb1   0x28  Code  Gb  data_init.o [3]
__iar_program_start      0x800'107d         Code  Gb  cstartup_M.o [3]
__iar_small_uidiv        0x800'06e1         Code  Gb  I32DivMod.o [3]
__iar_small_uidivmod     0x800'06e1         Code  Gb  I32DivMod.o [3]
__iar_zero_init3         0x800'0f0b   0x3c  Code  Gb  zero_init3.o [3]
__low_level_init         0x800'101b    0x4  Code  Gb  low_level_init.o [2]
__vector_table           0x800'0000         Data  Gb  startup_stm32f072xb.o [1]
_call_main               0x800'1009         Code  Gb  cmain.o [3]
_exit                    0x800'1029         Code  Gb  cexit.o [3]
_main                    0x800'1017         Code  Gb  cmain.o [3]
exit                     0x800'101f    0x8  Code  Gb  exit.o [2]
flag                    0x2000'0084    0x4  Data  Gb  main.o [1]
hspi2                   0x2000'0014   0x64  Data  Gb  main.o [1]
initStep                 0x800'0795   0x10  Code  Gb  main.o [1]
lastPosition1           0x2000'0010    0x1  Data  Gb  main.o [1]
main                     0x800'088f  0x1f8  Code  Gb  main.o [1]
memset                   0x800'0ce1   0x14  Code  Gb  memset.o [3]
milliseconds            0x2000'0088    0x4  Data  Gb  main.o [1]
step                     0x800'07a5   0xea  Code  Gb  main.o [1]
stepFlag                0x2000'00ec    0x4  Data  Gb  main.o [1]
tm                      0x2000'0078    0xc  Data  Gb  main.o [1]
uwTick                  0x2000'0004    0x4  Data  Gb  stm32f0xx_hal.o [1]
uwTickFreq              0x2000'0000    0x1  Data  Gb  stm32f0xx_hal.o [1]
uwTickPrio              0x2000'0008    0x4  Data  Gb  stm32f0xx_hal.o [1]


[1] = D:\Praktikant\Workspace\Finn\EWARM\Finn\Obj
[2] = dl6M_tln.a
[3] = rt6M_tl.a
[4] = shb_l.a

  4'232 bytes of readonly  code memory
     52 bytes of readonly  data memory
  1'264 bytes of readwrite data memory

Errors: none
Warnings: none
